<?xml version="1.0"?>
<link_info>
   <banner>TMS320C2000 Linker PC v6.4.12</banner>
   <copyright>Copyright (c) 1996-2017 Texas Instruments Incorporated</copyright>
   <link_time>0x63504291</link_time>
   <link_errors>0x0</link_errors>
   <output_file>C:/dan/githubs/ME446Spring23/PWMout_piccolo_CRS_Robot/PWMout_piccolo/../Debug/user_PWMout_piccolo.out</output_file>
   <entry_point>
      <name>_c_int00</name>
      <address>0x3f25bc</address>
   </entry_point>
   <input_file_list>
      <input_file id="fl-2">
         <path>.\</path>
         <kind>object</kind>
         <file>28027_pwm.obj</file>
         <name>28027_pwm.obj</name>
      </input_file>
      <input_file id="fl-3">
         <path>.\</path>
         <kind>object</kind>
         <file>28027_serial.obj</file>
         <name>28027_serial.obj</name>
      </input_file>
      <input_file id="fl-4">
         <path>.\</path>
         <kind>object</kind>
         <file>DSP2802x_Adc.obj</file>
         <name>DSP2802x_Adc.obj</name>
      </input_file>
      <input_file id="fl-5">
         <path>.\</path>
         <kind>object</kind>
         <file>DSP2802x_CSMPasswords.obj</file>
         <name>DSP2802x_CSMPasswords.obj</name>
      </input_file>
      <input_file id="fl-6">
         <path>.\</path>
         <kind>object</kind>
         <file>DSP2802x_CodeStartBranch.obj</file>
         <name>DSP2802x_CodeStartBranch.obj</name>
      </input_file>
      <input_file id="fl-7">
         <path>.\</path>
         <kind>object</kind>
         <file>DSP2802x_CpuTimers.obj</file>
         <name>DSP2802x_CpuTimers.obj</name>
      </input_file>
      <input_file id="fl-8">
         <path>.\</path>
         <kind>object</kind>
         <file>DSP2802x_GlobalVariableDefs.obj</file>
         <name>DSP2802x_GlobalVariableDefs.obj</name>
      </input_file>
      <input_file id="fl-9">
         <path>.\</path>
         <kind>object</kind>
         <file>DSP2802x_Gpio.obj</file>
         <name>DSP2802x_Gpio.obj</name>
      </input_file>
      <input_file id="fl-a">
         <path>.\</path>
         <kind>object</kind>
         <file>DSP2802x_I2C.obj</file>
         <name>DSP2802x_I2C.obj</name>
      </input_file>
      <input_file id="fl-b">
         <path>.\</path>
         <kind>object</kind>
         <file>DSP2802x_PieCtrl.obj</file>
         <name>DSP2802x_PieCtrl.obj</name>
      </input_file>
      <input_file id="fl-c">
         <path>.\</path>
         <kind>object</kind>
         <file>DSP2802x_Sci.obj</file>
         <name>DSP2802x_Sci.obj</name>
      </input_file>
      <input_file id="fl-d">
         <path>.\</path>
         <kind>object</kind>
         <file>DSP2802x_Spi.obj</file>
         <name>DSP2802x_Spi.obj</name>
      </input_file>
      <input_file id="fl-e">
         <path>.\</path>
         <kind>object</kind>
         <file>DSP2802x_SysCtrl.obj</file>
         <name>DSP2802x_SysCtrl.obj</name>
      </input_file>
      <input_file id="fl-f">
         <path>.\</path>
         <kind>object</kind>
         <file>DSP2802x_usDelay.obj</file>
         <name>DSP2802x_usDelay.obj</name>
      </input_file>
      <input_file id="fl-10">
         <path>.\</path>
         <kind>object</kind>
         <file>PWMout_piccolocfg.obj</file>
         <name>PWMout_piccolocfg.obj</name>
      </input_file>
      <input_file id="fl-11">
         <path>.\</path>
         <kind>object</kind>
         <file>PWMout_piccolocfg_c.obj</file>
         <name>PWMout_piccolocfg_c.obj</name>
      </input_file>
      <input_file id="fl-12">
         <path>.\</path>
         <kind>object</kind>
         <file>coecsl.obj</file>
         <name>coecsl.obj</name>
      </input_file>
      <input_file id="fl-13">
         <path>.\</path>
         <kind>object</kind>
         <file>smallprintf.obj</file>
         <name>smallprintf.obj</name>
      </input_file>
      <input_file id="fl-14">
         <path>.\</path>
         <kind>object</kind>
         <file>user_PWMout_piccolo.obj</file>
         <name>user_PWMout_piccolo.obj</name>
      </input_file>
      <input_file id="fl-20">
         <path>C:\CCStudiov8\bios_5_42_02_10\packages\ti\bios\lib\</path>
         <kind>archive</kind>
         <file>bios.a28L</file>
         <name>clk.o28L</name>
      </input_file>
      <input_file id="fl-21">
         <path>C:\CCStudiov8\bios_5_42_02_10\packages\ti\bios\lib\</path>
         <kind>archive</kind>
         <file>bios.a28L</file>
         <name>clk_run.o28L</name>
      </input_file>
      <input_file id="fl-22">
         <path>C:\CCStudiov8\bios_5_42_02_10\packages\ti\bios\lib\</path>
         <kind>archive</kind>
         <file>bios.a28L</file>
         <name>biosdata.o28L</name>
      </input_file>
      <input_file id="fl-23">
         <path>C:\CCStudiov8\bios_5_42_02_10\packages\ti\bios\lib\</path>
         <kind>archive</kind>
         <file>bios.a28L</file>
         <name>knl_swit.o28L</name>
      </input_file>
      <input_file id="fl-24">
         <path>C:\CCStudiov8\bios_5_42_02_10\packages\ti\bios\lib\</path>
         <kind>archive</kind>
         <file>bios.a28L</file>
         <name>swi.o28L</name>
      </input_file>
      <input_file id="fl-25">
         <path>C:\CCStudiov8\bios_5_42_02_10\packages\ti\bios\lib\</path>
         <kind>archive</kind>
         <file>bios.a28L</file>
         <name>fxn_c.o28L</name>
      </input_file>
      <input_file id="fl-26">
         <path>C:\CCStudiov8\bios_5_42_02_10\packages\ti\bios\lib\</path>
         <kind>archive</kind>
         <file>bios.a28L</file>
         <name>utl_doab.o28L</name>
      </input_file>
      <input_file id="fl-27">
         <path>C:\CCStudiov8\bios_5_42_02_10\packages\ti\bios\lib\</path>
         <kind>archive</kind>
         <file>bios.a28L</file>
         <name>utl_doer.o28L</name>
      </input_file>
      <input_file id="fl-28">
         <path>C:\CCStudiov8\bios_5_42_02_10\packages\ti\bios\lib\</path>
         <kind>archive</kind>
         <file>bios.a28L</file>
         <name>utl_putc.o28L</name>
      </input_file>
      <input_file id="fl-29">
         <path>C:\CCStudiov8\bios_5_42_02_10\packages\ti\bios\lib\</path>
         <kind>archive</kind>
         <file>bios.a28L</file>
         <name>utl_halt.o28L</name>
      </input_file>
      <input_file id="fl-2a">
         <path>C:\CCStudiov8\bios_5_42_02_10\packages\ti\bios\lib\</path>
         <kind>archive</kind>
         <file>bios.a28L</file>
         <name>clk_isr.o28L</name>
      </input_file>
      <input_file id="fl-2b">
         <path>C:\CCStudiov8\ccsv8\tools\compiler\ti-cgt-c2000_6.4.12\lib\</path>
         <kind>archive</kind>
         <file>rts2800_ml.lib</file>
         <name>fs_add.obj</name>
      </input_file>
      <input_file id="fl-2c">
         <path>C:\CCStudiov8\ccsv8\tools\compiler\ti-cgt-c2000_6.4.12\lib\</path>
         <kind>archive</kind>
         <file>rts2800_ml.lib</file>
         <name>fs_cmp.obj</name>
      </input_file>
      <input_file id="fl-2d">
         <path>C:\CCStudiov8\ccsv8\tools\compiler\ti-cgt-c2000_6.4.12\lib\</path>
         <kind>archive</kind>
         <file>rts2800_ml.lib</file>
         <name>fs_div.obj</name>
      </input_file>
      <input_file id="fl-2e">
         <path>C:\CCStudiov8\ccsv8\tools\compiler\ti-cgt-c2000_6.4.12\lib\</path>
         <kind>archive</kind>
         <file>rts2800_ml.lib</file>
         <name>fs_mpy.obj</name>
      </input_file>
      <input_file id="fl-2f">
         <path>C:\CCStudiov8\ccsv8\tools\compiler\ti-cgt-c2000_6.4.12\lib\</path>
         <kind>archive</kind>
         <file>rts2800_ml.lib</file>
         <name>fs_neg.obj</name>
      </input_file>
      <input_file id="fl-30">
         <path>C:\CCStudiov8\ccsv8\tools\compiler\ti-cgt-c2000_6.4.12\lib\</path>
         <kind>archive</kind>
         <file>rts2800_ml.lib</file>
         <name>fs_toi.obj</name>
      </input_file>
      <input_file id="fl-31">
         <path>C:\CCStudiov8\ccsv8\tools\compiler\ti-cgt-c2000_6.4.12\lib\</path>
         <kind>archive</kind>
         <file>rts2800_ml.lib</file>
         <name>fs_tol.obj</name>
      </input_file>
      <input_file id="fl-32">
         <path>C:\CCStudiov8\ccsv8\tools\compiler\ti-cgt-c2000_6.4.12\lib\</path>
         <kind>archive</kind>
         <file>rts2800_ml.lib</file>
         <name>fs_tou.obj</name>
      </input_file>
      <input_file id="fl-33">
         <path>C:\CCStudiov8\bios_5_42_02_10\packages\ti\bios\lib\</path>
         <kind>archive</kind>
         <file>bios.a28L</file>
         <name>fxn.o28L</name>
      </input_file>
      <input_file id="fl-34">
         <path>C:\CCStudiov8\bios_5_42_02_10\packages\ti\bios\lib\</path>
         <kind>archive</kind>
         <file>bios.a28L</file>
         <name>boot.o28L</name>
      </input_file>
      <input_file id="fl-35">
         <path>C:\CCStudiov8\ccsv8\tools\compiler\ti-cgt-c2000_6.4.12\lib\</path>
         <kind>archive</kind>
         <file>rts2800_ml.lib</file>
         <name>i_tofs.obj</name>
      </input_file>
      <input_file id="fl-36">
         <path>C:\CCStudiov8\bios_5_42_02_10\packages\ti\bios\lib\</path>
         <kind>archive</kind>
         <file>bios.a28L</file>
         <name>idl.o28L</name>
      </input_file>
      <input_file id="fl-37">
         <path>C:\CCStudiov8\ccsv8\tools\compiler\ti-cgt-c2000_6.4.12\lib\</path>
         <kind>archive</kind>
         <file>rts2800_ml.lib</file>
         <name>l_div.obj</name>
      </input_file>
      <input_file id="fl-38">
         <path>C:\CCStudiov8\ccsv8\tools\compiler\ti-cgt-c2000_6.4.12\lib\</path>
         <kind>archive</kind>
         <file>rts2800_ml.lib</file>
         <name>l_tofs.obj</name>
      </input_file>
      <input_file id="fl-39">
         <path>C:\CCStudiov8\bios_5_42_02_10\packages\ti\bios\lib\</path>
         <kind>archive</kind>
         <file>bios.a28L</file>
         <name>log.o28L</name>
      </input_file>
      <input_file id="fl-3a">
         <path>C:\CCStudiov8\bios_5_42_02_10\packages\ti\bios\lib\</path>
         <kind>archive</kind>
         <file>bios.a28L</file>
         <name>prd.o28L</name>
      </input_file>
      <input_file id="fl-3b">
         <path>C:\CCStudiov8\bios_5_42_02_10\packages\ti\bios\lib\</path>
         <kind>archive</kind>
         <file>bios.a28L</file>
         <name>sts.o28L</name>
      </input_file>
      <input_file id="fl-3c">
         <path>C:\CCStudiov8\ccsv8\tools\compiler\ti-cgt-c2000_6.4.12\lib\</path>
         <kind>archive</kind>
         <file>rts2800_ml.lib</file>
         <name>u_div.obj</name>
      </input_file>
      <input_file id="fl-3d">
         <path>C:\CCStudiov8\bios_5_42_02_10\packages\ti\bios\lib\</path>
         <kind>archive</kind>
         <file>bios.a28L</file>
         <name>clk_data.o28L</name>
      </input_file>
      <input_file id="fl-3e">
         <path>C:\CCStudiov8\bios_5_42_02_10\packages\ti\bios\lib\</path>
         <kind>archive</kind>
         <file>bios.a28L</file>
         <name>clk_data2.o28L</name>
      </input_file>
      <input_file id="fl-3f">
         <path>C:\CCStudiov8\bios_5_42_02_10\packages\ti\bios\lib\</path>
         <kind>archive</kind>
         <file>bios.a28L</file>
         <name>gbl_vers.o28L</name>
      </input_file>
      <input_file id="fl-40">
         <path>C:\CCStudiov8\bios_5_42_02_10\packages\ti\bios\lib\</path>
         <kind>archive</kind>
         <file>bios.a28L</file>
         <name>hwi_disp_asm.o28L</name>
      </input_file>
      <input_file id="fl-41">
         <path>C:\CCStudiov8\bios_5_42_02_10\packages\ti\bios\lib\</path>
         <kind>archive</kind>
         <file>bios.a28L</file>
         <name>hwi_c.o28L</name>
      </input_file>
      <input_file id="fl-42">
         <path>C:\CCStudiov8\bios_5_42_02_10\packages\ti\bios\lib\</path>
         <kind>archive</kind>
         <file>bios.a28L</file>
         <name>knl_exit.o28L</name>
      </input_file>
      <input_file id="fl-43">
         <path>C:\CCStudiov8\bios_5_42_02_10\packages\ti\bios\lib\</path>
         <kind>archive</kind>
         <file>bios.a28L</file>
         <name>knl_chec.o28L</name>
      </input_file>
      <input_file id="fl-44">
         <path>C:\CCStudiov8\bios_5_42_02_10\packages\ti\bios\lib\</path>
         <kind>archive</kind>
         <file>bios.a28L</file>
         <name>knl.o28L</name>
      </input_file>
      <input_file id="fl-45">
         <path>C:\CCStudiov8\bios_5_42_02_10\packages\ti\bios\lib\</path>
         <kind>archive</kind>
         <file>bios.a28L</file>
         <name>knl_run.o28L</name>
      </input_file>
      <input_file id="fl-46">
         <path>C:\CCStudiov8\bios_5_42_02_10\packages\ti\bios\lib\</path>
         <kind>archive</kind>
         <file>bios.a28L</file>
         <name>knl_tick.o28L</name>
      </input_file>
      <input_file id="fl-47">
         <path>C:\CCStudiov8\bios_5_42_02_10\packages\ti\bios\lib\</path>
         <kind>archive</kind>
         <file>bios.a28L</file>
         <name>knl_post.o28L</name>
      </input_file>
      <input_file id="fl-48">
         <path>C:\CCStudiov8\bios_5_42_02_10\packages\ti\bios\lib\</path>
         <kind>archive</kind>
         <file>bios.a28L</file>
         <name>knl_ipos.o28L</name>
      </input_file>
      <input_file id="fl-49">
         <path>C:\CCStudiov8\bios_5_42_02_10\packages\ti\bios\lib\</path>
         <kind>archive</kind>
         <file>bios.a28L</file>
         <name>log_event.o28L</name>
      </input_file>
      <input_file id="fl-4a">
         <path>C:\CCStudiov8\bios_5_42_02_10\packages\ti\bios\lib\</path>
         <kind>archive</kind>
         <file>bios.a28L</file>
         <name>tsk_exit.o28L</name>
      </input_file>
      <input_file id="fl-4b">
         <path>C:\CCStudiov8\bios_5_42_02_10\packages\ti\bios\lib\</path>
         <kind>archive</kind>
         <file>bios.a28L</file>
         <name>sys_exit.o28L</name>
      </input_file>
      <input_file id="fl-4c">
         <path>C:\CCStudiov8\bios_5_42_02_10\packages\ti\bios\lib\</path>
         <kind>archive</kind>
         <file>bios.a28L</file>
         <name>sys.o28L</name>
      </input_file>
      <input_file id="fl-4d">
         <path>C:\CCStudiov8\bios_5_42_02_10\packages\ti\bios\lib\</path>
         <kind>archive</kind>
         <file>bios.a28L</file>
         <name>tsk_init.o28L</name>
      </input_file>
      <input_file id="fl-4e">
         <path>C:\CCStudiov8\bios_5_42_02_10\packages\ti\bios\lib\</path>
         <kind>archive</kind>
         <file>bios.a28L</file>
         <name>tsk.o28L</name>
      </input_file>
      <input_file id="fl-4f">
         <path>C:\CCStudiov8\bios_5_42_02_10\packages\ti\bios\lib\</path>
         <kind>archive</kind>
         <file>bios.a28L</file>
         <name>tsk_setu.o28L</name>
      </input_file>
      <input_file id="fl-50">
         <path>C:\CCStudiov8\bios_5_42_02_10\packages\ti\bios\lib\</path>
         <kind>archive</kind>
         <file>bios.a28L</file>
         <name>tsk_stup.o28L</name>
      </input_file>
      <input_file id="fl-51">
         <path>C:\CCStudiov8\bios_5_42_02_10\packages\ti\bios\lib\</path>
         <kind>archive</kind>
         <file>bios.a28L</file>
         <name>lck.o28L</name>
      </input_file>
      <input_file id="fl-52">
         <path>C:\CCStudiov8\bios_5_42_02_10\packages\ti\bios\lib\</path>
         <kind>archive</kind>
         <file>bios.a28L</file>
         <name>sem_pend_counting.o28L</name>
      </input_file>
      <input_file id="fl-53">
         <path>C:\CCStudiov8\bios_5_42_02_10\packages\ti\bios\lib\</path>
         <kind>archive</kind>
         <file>bios.a28L</file>
         <name>sem_pend.o28L</name>
      </input_file>
      <input_file id="fl-54">
         <path>C:\CCStudiov8\bios_5_42_02_10\packages\ti\bios\lib\</path>
         <kind>archive</kind>
         <file>bios.a28L</file>
         <name>sem_post_asm.o28L</name>
      </input_file>
      <input_file id="fl-55">
         <path>C:\CCStudiov8\bios_5_42_02_10\packages\ti\bios\lib\</path>
         <kind>archive</kind>
         <file>bios.a28L</file>
         <name>sem_post.o28L</name>
      </input_file>
      <input_file id="fl-56">
         <path>C:\CCStudiov8\bios_5_42_02_10\packages\ti\bios\lib\</path>
         <kind>archive</kind>
         <file>bios.a28L</file>
         <name>sys_abor.o28L</name>
      </input_file>
      <input_file id="fl-57">
         <path>C:\CCStudiov8\bios_5_42_02_10\packages\ti\bios\lib\</path>
         <kind>archive</kind>
         <file>bios.a28L</file>
         <name>sem_dopo.o28L</name>
      </input_file>
      <input_file id="fl-58">
         <path>C:\CCStudiov8\ccsv8\tools\compiler\ti-cgt-c2000_6.4.12\lib\</path>
         <kind>archive</kind>
         <file>rts2800_ml.lib</file>
         <name>_lock.obj</name>
      </input_file>
      <input_file id="fl-59">
         <path>C:\CCStudiov8\ccsv8\tools\compiler\ti-cgt-c2000_6.4.12\lib\</path>
         <kind>archive</kind>
         <file>rts2800_ml.lib</file>
         <name>atoi.obj</name>
      </input_file>
      <input_file id="fl-5a">
         <path>C:\CCStudiov8\ccsv8\tools\compiler\ti-cgt-c2000_6.4.12\lib\</path>
         <kind>archive</kind>
         <file>rts2800_ml.lib</file>
         <name>ctype.obj</name>
      </input_file>
      <input_file id="fl-5b">
         <path>C:\CCStudiov8\ccsv8\tools\compiler\ti-cgt-c2000_6.4.12\lib\</path>
         <kind>archive</kind>
         <file>rts2800_ml.lib</file>
         <name>exit.obj</name>
      </input_file>
      <input_file id="fl-5c">
         <path>C:\CCStudiov8\ccsv8\tools\compiler\ti-cgt-c2000_6.4.12\lib\</path>
         <kind>archive</kind>
         <file>rts2800_ml.lib</file>
         <name>ltoa.obj</name>
      </input_file>
      <input_file id="fl-5d">
         <path>C:\CCStudiov8\ccsv8\tools\compiler\ti-cgt-c2000_6.4.12\lib\</path>
         <kind>archive</kind>
         <file>rts2800_ml.lib</file>
         <name>memcpy.obj</name>
      </input_file>
      <input_file id="fl-5e">
         <path>C:\CCStudiov8\ccsv8\tools\compiler\ti-cgt-c2000_6.4.12\lib\</path>
         <kind>archive</kind>
         <file>rts2800_ml.lib</file>
         <name>modf.obj</name>
      </input_file>
      <input_file id="fl-5f">
         <path>C:\CCStudiov8\ccsv8\tools\compiler\ti-cgt-c2000_6.4.12\lib\</path>
         <kind>archive</kind>
         <file>rts2800_ml.lib</file>
         <name>strchr.obj</name>
      </input_file>
      <input_file id="fl-60">
         <path>C:\CCStudiov8\ccsv8\tools\compiler\ti-cgt-c2000_6.4.12\lib\</path>
         <kind>archive</kind>
         <file>rts2800_ml.lib</file>
         <name>strcpy.obj</name>
      </input_file>
      <input_file id="fl-61">
         <path>C:\CCStudiov8\ccsv8\tools\compiler\ti-cgt-c2000_6.4.12\lib\</path>
         <kind>archive</kind>
         <file>rts2800_ml.lib</file>
         <name>strlen.obj</name>
      </input_file>
   </input_file_list>
   <object_component_list>
      <object_component id="oc-ac">
         <name>PieVectTableFile</name>
         <uninitialized>true</uninitialized>
         <run_address>0xd00</run_address>
         <size>0x100</size>
         <input_file_ref idref="fl-8"/>
      </object_component>
      <object_component id="oc-8d">
         <name>EmuKeyVar</name>
         <uninitialized>true</uninitialized>
         <run_address>0xd00</run_address>
         <size>0x1</size>
         <input_file_ref idref="fl-8"/>
      </object_component>
      <object_component id="oc-8f">
         <name>EmuBModeVar</name>
         <uninitialized>true</uninitialized>
         <run_address>0xd01</run_address>
         <size>0x1</size>
         <input_file_ref idref="fl-8"/>
      </object_component>
      <object_component id="oc-90">
         <name>FlashCallbackVar</name>
         <uninitialized>true</uninitialized>
         <run_address>0xd02</run_address>
         <size>0x2</size>
         <input_file_ref idref="fl-8"/>
      </object_component>
      <object_component id="oc-91">
         <name>FlashScalingVar</name>
         <uninitialized>true</uninitialized>
         <run_address>0xd04</run_address>
         <size>0x2</size>
         <input_file_ref idref="fl-8"/>
      </object_component>
      <object_component id="oc-93">
         <name>DevEmuRegsFile</name>
         <uninitialized>true</uninitialized>
         <run_address>0x880</run_address>
         <size>0x4</size>
         <input_file_ref idref="fl-8"/>
      </object_component>
      <object_component id="oc-92">
         <name>SysPwrCtrlRegsFile</name>
         <uninitialized>true</uninitialized>
         <run_address>0x985</run_address>
         <size>0x3</size>
         <input_file_ref idref="fl-8"/>
      </object_component>
      <object_component id="oc-96">
         <name>FlashRegsFile</name>
         <uninitialized>true</uninitialized>
         <run_address>0xa80</run_address>
         <size>0x8</size>
         <input_file_ref idref="fl-8"/>
      </object_component>
      <object_component id="oc-9b">
         <name>CsmRegsFile</name>
         <uninitialized>true</uninitialized>
         <run_address>0xae0</run_address>
         <size>0x10</size>
         <input_file_ref idref="fl-8"/>
      </object_component>
      <object_component id="oc-a3">
         <name>AdcResultFile</name>
         <uninitialized>true</uninitialized>
         <run_address>0xb00</run_address>
         <size>0x20</size>
         <input_file_ref idref="fl-8"/>
      </object_component>
      <object_component id="oc-95">
         <name>CpuTimer0RegsFile</name>
         <uninitialized>true</uninitialized>
         <run_address>0xc00</run_address>
         <size>0x8</size>
         <input_file_ref idref="fl-8"/>
      </object_component>
      <object_component id="oc-94">
         <name>CpuTimer1RegsFile</name>
         <uninitialized>true</uninitialized>
         <run_address>0xc08</run_address>
         <size>0x8</size>
         <input_file_ref idref="fl-8"/>
      </object_component>
      <object_component id="oc-97">
         <name>CpuTimer2RegsFile</name>
         <uninitialized>true</uninitialized>
         <run_address>0xc10</run_address>
         <size>0x8</size>
         <input_file_ref idref="fl-8"/>
      </object_component>
      <object_component id="oc-a0">
         <name>PieCtrlRegsFile</name>
         <uninitialized>true</uninitialized>
         <run_address>0xce0</run_address>
         <size>0x1a</size>
         <input_file_ref idref="fl-8"/>
      </object_component>
      <object_component id="oc-a2">
         <name>ECap1RegsFile</name>
         <uninitialized>true</uninitialized>
         <run_address>0x6a00</run_address>
         <size>0x20</size>
         <input_file_ref idref="fl-8"/>
      </object_component>
      <object_component id="oc-aa">
         <name>GpioCtrlRegsFile</name>
         <uninitialized>true</uninitialized>
         <run_address>0x6f80</run_address>
         <size>0x40</size>
         <input_file_ref idref="fl-8"/>
      </object_component>
      <object_component id="oc-a4">
         <name>GpioDataRegsFile</name>
         <uninitialized>true</uninitialized>
         <run_address>0x6fc0</run_address>
         <size>0x20</size>
         <input_file_ref idref="fl-8"/>
      </object_component>
      <object_component id="oc-98">
         <name>GpioIntRegsFile</name>
         <uninitialized>true</uninitialized>
         <run_address>0x6fe0</run_address>
         <size>0xa</size>
         <input_file_ref idref="fl-8"/>
      </object_component>
      <object_component id="oc-a1">
         <name>SysCtrlRegsFile</name>
         <uninitialized>true</uninitialized>
         <run_address>0x7010</run_address>
         <size>0x1f</size>
         <input_file_ref idref="fl-8"/>
      </object_component>
      <object_component id="oc-9c">
         <name>SpiaRegsFile</name>
         <uninitialized>true</uninitialized>
         <run_address>0x7040</run_address>
         <size>0x10</size>
         <input_file_ref idref="fl-8"/>
      </object_component>
      <object_component id="oc-99">
         <name>SciaRegsFile</name>
         <uninitialized>true</uninitialized>
         <run_address>0x7050</run_address>
         <size>0x10</size>
         <input_file_ref idref="fl-8"/>
      </object_component>
      <object_component id="oc-9a">
         <name>NmiIntruptRegsFile</name>
         <uninitialized>true</uninitialized>
         <run_address>0x7060</run_address>
         <size>0x10</size>
         <input_file_ref idref="fl-8"/>
      </object_component>
      <object_component id="oc-9d">
         <name>XIntruptRegsFile</name>
         <uninitialized>true</uninitialized>
         <run_address>0x7070</run_address>
         <size>0x10</size>
         <input_file_ref idref="fl-8"/>
      </object_component>
      <object_component id="oc-ab">
         <name>AdcRegsFile</name>
         <uninitialized>true</uninitialized>
         <run_address>0x7100</run_address>
         <size>0x50</size>
         <input_file_ref idref="fl-8"/>
      </object_component>
      <object_component id="oc-a5">
         <name>I2caRegsFile</name>
         <uninitialized>true</uninitialized>
         <run_address>0x7900</run_address>
         <size>0x22</size>
         <input_file_ref idref="fl-8"/>
      </object_component>
      <object_component id="oc-9f">
         <name>Comp1RegsFile</name>
         <uninitialized>true</uninitialized>
         <run_address>0x6400</run_address>
         <size>0x11</size>
         <input_file_ref idref="fl-8"/>
      </object_component>
      <object_component id="oc-9e">
         <name>Comp2RegsFile</name>
         <uninitialized>true</uninitialized>
         <run_address>0x6420</run_address>
         <size>0x11</size>
         <input_file_ref idref="fl-8"/>
      </object_component>
      <object_component id="oc-a7">
         <name>EPwm1RegsFile</name>
         <uninitialized>true</uninitialized>
         <run_address>0x6800</run_address>
         <size>0x3a</size>
         <input_file_ref idref="fl-8"/>
      </object_component>
      <object_component id="oc-a9">
         <name>EPwm2RegsFile</name>
         <uninitialized>true</uninitialized>
         <run_address>0x6840</run_address>
         <size>0x3a</size>
         <input_file_ref idref="fl-8"/>
      </object_component>
      <object_component id="oc-a6">
         <name>EPwm3RegsFile</name>
         <uninitialized>true</uninitialized>
         <run_address>0x6880</run_address>
         <size>0x3a</size>
         <input_file_ref idref="fl-8"/>
      </object_component>
      <object_component id="oc-a8">
         <name>EPwm4RegsFile</name>
         <uninitialized>true</uninitialized>
         <run_address>0x68c0</run_address>
         <size>0x3a</size>
         <input_file_ref idref="fl-8"/>
      </object_component>
      <object_component id="oc-8e">
         <name>PartIdRegsFile</name>
         <uninitialized>true</uninitialized>
         <run_address>0x3d7fff</run_address>
         <size>0x1</size>
         <input_file_ref idref="fl-8"/>
      </object_component>
      <object_component id="oc-7e">
         <name>csmpasswds</name>
         <load_address>0x3f7ff8</load_address>
         <run_address>0x3f7ff8</run_address>
         <size>0x8</size>
         <input_file_ref idref="fl-5"/>
      </object_component>
      <object_component id="oc-7f">
         <name>csm_rsvd</name>
         <load_address>0x3f7f80</load_address>
         <run_address>0x3f7f80</run_address>
         <size>0x76</size>
         <input_file_ref idref="fl-5"/>
      </object_component>
      <object_component id="oc-81">
         <name>codestart</name>
         <load_address>0x3f7ff6</load_address>
         <run_address>0x3f7ff6</run_address>
         <size>0x2</size>
         <input_file_ref idref="fl-6"/>
      </object_component>
      <object_component id="oc-21c">
         <name>ramfuncs</name>
         <load_address>0x3f14de</load_address>
         <run_address>0x8946</run_address>
         <size>0x76</size>
         <input_file_ref idref="fl-3"/>
      </object_component>
      <object_component id="oc-74">
         <name>ramfuncs:retain</name>
         <load_address>0x3f1554</load_address>
         <run_address>0x89bc</run_address>
         <size>0x53</size>
         <input_file_ref idref="fl-3"/>
      </object_component>
      <object_component id="oc-21b">
         <name>ramfuncs</name>
         <load_address>0x3f15a7</load_address>
         <run_address>0x8a0f</run_address>
         <size>0x1b</size>
         <input_file_ref idref="fl-e"/>
      </object_component>
      <object_component id="oc-cc">
         <name>ramfuncs</name>
         <load_address>0x3f15c2</load_address>
         <run_address>0x8a2a</run_address>
         <size>0x4</size>
         <input_file_ref idref="fl-f"/>
      </object_component>
      <object_component id="oc-e3">
         <name>.vers</name>
         <load_address>0x0</load_address>
         <run_address>0x0</run_address>
         <size>0x44</size>
         <input_file_ref idref="fl-10"/>
      </object_component>
      <object_component id="oc-d6">
         <name>.clk</name>
         <uninitialized>true</uninitialized>
         <run_address>0x8b9e</run_address>
         <size>0x4</size>
         <input_file_ref idref="fl-10"/>
      </object_component>
      <object_component id="oc-d7">
         <name>.prd</name>
         <uninitialized>true</uninitialized>
         <run_address>0x8b80</run_address>
         <size>0xc</size>
         <input_file_ref idref="fl-10"/>
      </object_component>
      <object_component id="oc-db">
         <name>.swi</name>
         <uninitialized>true</uninitialized>
         <run_address>0x8b40</run_address>
         <size>0x28</size>
         <input_file_ref idref="fl-10"/>
      </object_component>
      <object_component id="oc-dd">
         <name>.tsk</name>
         <uninitialized>true</uninitialized>
         <run_address>0x8ad0</run_address>
         <size>0x2a</size>
         <input_file_ref idref="fl-10"/>
      </object_component>
      <object_component id="oc-e2">
         <name>.idl</name>
         <uninitialized>true</uninitialized>
         <run_address>0x8afe</run_address>
         <size>0x2</size>
         <input_file_ref idref="fl-10"/>
      </object_component>
      <object_component id="oc-e1">
         <name>.idlcal</name>
         <uninitialized>true</uninitialized>
         <run_address>0x8ba6</run_address>
         <size>0x2</size>
         <input_file_ref idref="fl-10"/>
      </object_component>
      <object_component id="oc-62">
         <name>.bios</name>
         <load_address>0x3f15c6</load_address>
         <run_address>0x3f15c6</run_address>
         <size>0x16d</size>
         <input_file_ref idref="fl-24"/>
      </object_component>
      <object_component id="oc-181">
         <name>.bios</name>
         <load_address>0x3f1733</load_address>
         <run_address>0x3f1733</run_address>
         <size>0x111</size>
         <input_file_ref idref="fl-40"/>
      </object_component>
      <object_component id="oc-169">
         <name>.bios</name>
         <load_address>0x3f1844</load_address>
         <run_address>0x3f1844</run_address>
         <size>0x97</size>
         <input_file_ref idref="fl-3a"/>
      </object_component>
      <object_component id="oc-1d5">
         <name>.bios</name>
         <load_address>0x3f18db</load_address>
         <run_address>0x3f18db</run_address>
         <size>0x91</size>
         <input_file_ref idref="fl-53"/>
      </object_component>
      <object_component id="oc-196">
         <name>.bios</name>
         <load_address>0x3f196c</load_address>
         <run_address>0x3f196c</run_address>
         <size>0x88</size>
         <input_file_ref idref="fl-45"/>
      </object_component>
      <object_component id="oc-60">
         <name>.bios</name>
         <load_address>0x3f19f4</load_address>
         <run_address>0x3f19f4</run_address>
         <size>0x84</size>
         <input_file_ref idref="fl-21"/>
      </object_component>
      <object_component id="oc-19c">
         <name>.bios</name>
         <load_address>0x3f1a78</load_address>
         <run_address>0x3f1a78</run_address>
         <size>0x7a</size>
         <input_file_ref idref="fl-46"/>
      </object_component>
      <object_component id="oc-1ac">
         <name>.bios</name>
         <load_address>0x3f1af2</load_address>
         <run_address>0x3f1af2</run_address>
         <size>0x65</size>
         <input_file_ref idref="fl-4a"/>
      </object_component>
      <object_component id="oc-1e5">
         <name>.bios</name>
         <load_address>0x3f1b57</load_address>
         <run_address>0x3f1b57</run_address>
         <size>0x61</size>
         <input_file_ref idref="fl-57"/>
      </object_component>
      <object_component id="oc-1c1">
         <name>.bios</name>
         <load_address>0x3f1bb8</load_address>
         <run_address>0x3f1bb8</run_address>
         <size>0x60</size>
         <input_file_ref idref="fl-4f"/>
      </object_component>
      <object_component id="oc-1c8">
         <name>.bios</name>
         <load_address>0x3f1c18</load_address>
         <run_address>0x3f1c18</run_address>
         <size>0x4b</size>
         <input_file_ref idref="fl-50"/>
      </object_component>
      <object_component id="oc-5f">
         <name>.bios</name>
         <load_address>0x3f1c63</load_address>
         <run_address>0x3f1c63</run_address>
         <size>0x35</size>
         <input_file_ref idref="fl-20"/>
      </object_component>
      <object_component id="oc-1d8">
         <name>.bios</name>
         <load_address>0x3f1c98</load_address>
         <run_address>0x3f1c98</run_address>
         <size>0x34</size>
         <input_file_ref idref="fl-54"/>
      </object_component>
      <object_component id="oc-18d">
         <name>.bios</name>
         <load_address>0x3f1ccc</load_address>
         <run_address>0x3f1ccc</run_address>
         <size>0x33</size>
         <input_file_ref idref="fl-43"/>
      </object_component>
      <object_component id="oc-61">
         <name>.bios</name>
         <load_address>0x3f1cff</load_address>
         <run_address>0x3f1cff</run_address>
         <size>0x31</size>
         <input_file_ref idref="fl-23"/>
      </object_component>
      <object_component id="oc-18a">
         <name>.bios</name>
         <load_address>0x3f1d30</load_address>
         <run_address>0x3f1d30</run_address>
         <size>0x2b</size>
         <input_file_ref idref="fl-42"/>
      </object_component>
      <object_component id="oc-1cd">
         <name>.bios</name>
         <load_address>0x3f1d5b</load_address>
         <run_address>0x3f1d5b</run_address>
         <size>0x29</size>
         <input_file_ref idref="fl-51"/>
      </object_component>
      <object_component id="oc-11d">
         <name>.bios</name>
         <load_address>0x3f1d84</load_address>
         <run_address>0x3f1d84</run_address>
         <size>0x28</size>
         <input_file_ref idref="fl-2a"/>
      </object_component>
      <object_component id="oc-1dd">
         <name>.bios</name>
         <load_address>0x3f1dac</load_address>
         <run_address>0x3f1dac</run_address>
         <size>0x23</size>
         <input_file_ref idref="fl-55"/>
      </object_component>
      <object_component id="oc-1a4">
         <name>.bios</name>
         <load_address>0x3f1dcf</load_address>
         <run_address>0x3f1dcf</run_address>
         <size>0x22</size>
         <input_file_ref idref="fl-48"/>
      </object_component>
      <object_component id="oc-1b0">
         <name>.bios</name>
         <load_address>0x3f1df1</load_address>
         <run_address>0x3f1df1</run_address>
         <size>0x21</size>
         <input_file_ref idref="fl-4b"/>
      </object_component>
      <object_component id="oc-16d">
         <name>.bios</name>
         <load_address>0x3f1e12</load_address>
         <run_address>0x3f1e12</run_address>
         <size>0x20</size>
         <input_file_ref idref="fl-3b"/>
      </object_component>
      <object_component id="oc-1d0">
         <name>.bios</name>
         <load_address>0x3f1e32</load_address>
         <run_address>0x3f1e32</run_address>
         <size>0x1f</size>
         <input_file_ref idref="fl-52"/>
      </object_component>
      <object_component id="oc-165">
         <name>.bios</name>
         <load_address>0x3f1e51</load_address>
         <run_address>0x3f1e51</run_address>
         <size>0x1e</size>
         <input_file_ref idref="fl-39"/>
      </object_component>
      <object_component id="oc-1a0">
         <name>.bios</name>
         <load_address>0x3f1e6f</load_address>
         <run_address>0x3f1e6f</run_address>
         <size>0x16</size>
         <input_file_ref idref="fl-47"/>
      </object_component>
      <object_component id="oc-149">
         <name>.bios</name>
         <load_address>0x3f1e85</load_address>
         <run_address>0x3f1e85</run_address>
         <size>0x12</size>
         <input_file_ref idref="fl-33"/>
      </object_component>
      <object_component id="oc-64">
         <name>.bios</name>
         <load_address>0x3f1e97</load_address>
         <run_address>0x3f1e97</run_address>
         <size>0x10</size>
         <input_file_ref idref="fl-26"/>
      </object_component>
      <object_component id="oc-65">
         <name>.bios</name>
         <load_address>0x3f1ea7</load_address>
         <run_address>0x3f1ea7</run_address>
         <size>0x10</size>
         <input_file_ref idref="fl-27"/>
      </object_component>
      <object_component id="oc-185">
         <name>.bios</name>
         <load_address>0x3f1eb7</load_address>
         <run_address>0x3f1eb7</run_address>
         <size>0xa</size>
         <input_file_ref idref="fl-41"/>
      </object_component>
      <object_component id="oc-66">
         <name>.bios</name>
         <load_address>0x3f1ec1</load_address>
         <run_address>0x3f1ec1</run_address>
         <size>0xa</size>
         <input_file_ref idref="fl-28"/>
      </object_component>
      <object_component id="oc-1e1">
         <name>.bios</name>
         <load_address>0x3f1ecb</load_address>
         <run_address>0x3f1ecb</run_address>
         <size>0x9</size>
         <input_file_ref idref="fl-56"/>
      </object_component>
      <object_component id="oc-157">
         <name>.bios</name>
         <load_address>0x3f1ed4</load_address>
         <run_address>0x3f1ed4</run_address>
         <size>0x6</size>
         <input_file_ref idref="fl-36"/>
      </object_component>
      <object_component id="oc-1a7">
         <name>.bios</name>
         <load_address>0x3f1eda</load_address>
         <run_address>0x3f1eda</run_address>
         <size>0x5</size>
         <input_file_ref idref="fl-49"/>
      </object_component>
      <object_component id="oc-17c">
         <name>.bios</name>
         <load_address>0x3f1edf</load_address>
         <run_address>0x3f1edf</run_address>
         <size>0x3</size>
         <input_file_ref idref="fl-3f"/>
      </object_component>
      <object_component id="oc-67">
         <name>.bios</name>
         <load_address>0x3f1ee2</load_address>
         <run_address>0x3f1ee2</run_address>
         <size>0x3</size>
         <input_file_ref idref="fl-29"/>
      </object_component>
      <object_component id="oc-63">
         <name>.bios</name>
         <load_address>0x3f1ee5</load_address>
         <run_address>0x3f1ee5</run_address>
         <size>0x1</size>
         <input_file_ref idref="fl-25"/>
      </object_component>
      <object_component id="oc-224">
         <name>.text</name>
         <load_address>0x3f0100</load_address>
         <run_address>0x3f0100</run_address>
         <size>0x52f</size>
         <input_file_ref idref="fl-2"/>
      </object_component>
      <object_component id="oc-219">
         <name>.text</name>
         <load_address>0x3f062f</load_address>
         <run_address>0x3f062f</run_address>
         <size>0x524</size>
         <input_file_ref idref="fl-14"/>
      </object_component>
      <object_component id="oc-228">
         <name>.text</name>
         <load_address>0x3f0b53</load_address>
         <run_address>0x3f0b53</run_address>
         <size>0x2e8</size>
         <input_file_ref idref="fl-13"/>
      </object_component>
      <object_component id="oc-222">
         <name>.text</name>
         <load_address>0x3f0e3b</load_address>
         <run_address>0x3f0e3b</run_address>
         <size>0x1ae</size>
         <input_file_ref idref="fl-3"/>
      </object_component>
      <object_component id="oc-21a">
         <name>.text</name>
         <load_address>0x3f0fe9</load_address>
         <run_address>0x3f0fe9</run_address>
         <size>0xfb</size>
         <input_file_ref idref="fl-e"/>
      </object_component>
      <object_component id="oc-12b">
         <name>.text</name>
         <load_address>0x3f10e4</load_address>
         <run_address>0x3f10e4</run_address>
         <size>0x83</size>
         <input_file_ref idref="fl-2d"/>
      </object_component>
      <object_component id="oc-121">
         <name>.text</name>
         <load_address>0x3f1167</load_address>
         <run_address>0x3f1167</run_address>
         <size>0x78</size>
         <input_file_ref idref="fl-2b"/>
      </object_component>
      <object_component id="oc-130">
         <name>.text</name>
         <load_address>0x3f11df</load_address>
         <run_address>0x3f11df</run_address>
         <size>0x5a</size>
         <input_file_ref idref="fl-2e"/>
      </object_component>
      <object_component id="oc-223">
         <name>.text</name>
         <load_address>0x3f1239</load_address>
         <run_address>0x3f1239</run_address>
         <size>0x50</size>
         <input_file_ref idref="fl-d"/>
      </object_component>
      <object_component id="oc-69">
         <name>.text</name>
         <load_address>0x3f1289</load_address>
         <run_address>0x3f1289</run_address>
         <size>0x42</size>
         <input_file_ref idref="fl-12"/>
      </object_component>
      <object_component id="oc-22a">
         <name>.text</name>
         <load_address>0x3f12cb</load_address>
         <run_address>0x3f12cb</run_address>
         <size>0x33</size>
         <input_file_ref idref="fl-5e"/>
      </object_component>
      <object_component id="oc-220">
         <name>.text</name>
         <load_address>0x3f12fe</load_address>
         <run_address>0x3f12fe</run_address>
         <size>0x31</size>
         <input_file_ref idref="fl-59"/>
      </object_component>
      <object_component id="oc-22e">
         <name>.text</name>
         <load_address>0x3f132f</load_address>
         <run_address>0x3f132f</run_address>
         <size>0x2e</size>
         <input_file_ref idref="fl-5c"/>
      </object_component>
      <object_component id="oc-15b">
         <name>.text</name>
         <load_address>0x3f135d</load_address>
         <run_address>0x3f135d</run_address>
         <size>0x2a</size>
         <input_file_ref idref="fl-37"/>
      </object_component>
      <object_component id="oc-13f">
         <name>.text</name>
         <load_address>0x3f1387</load_address>
         <run_address>0x3f1387</run_address>
         <size>0x29</size>
         <input_file_ref idref="fl-31"/>
      </object_component>
      <object_component id="oc-221">
         <name>.text</name>
         <load_address>0x3f13b0</load_address>
         <run_address>0x3f13b0</run_address>
         <size>0x28</size>
         <input_file_ref idref="fl-b"/>
      </object_component>
      <object_component id="oc-13a">
         <name>.text</name>
         <load_address>0x3f13d8</load_address>
         <run_address>0x3f13d8</run_address>
         <size>0x25</size>
         <input_file_ref idref="fl-30"/>
      </object_component>
      <object_component id="oc-1c4">
         <name>.text</name>
         <load_address>0x3f13fd</load_address>
         <run_address>0x3f13fd</run_address>
         <size>0x23</size>
         <input_file_ref idref="fl-50"/>
      </object_component>
      <object_component id="oc-144">
         <name>.text</name>
         <load_address>0x3f1420</load_address>
         <run_address>0x3f1420</run_address>
         <size>0x1d</size>
         <input_file_ref idref="fl-32"/>
      </object_component>
      <object_component id="oc-22c">
         <name>.text</name>
         <load_address>0x3f143d</load_address>
         <run_address>0x3f143d</run_address>
         <size>0x1d</size>
         <input_file_ref idref="fl-5d"/>
      </object_component>
      <object_component id="oc-152">
         <name>.text</name>
         <load_address>0x3f145a</load_address>
         <run_address>0x3f145a</run_address>
         <size>0x1a</size>
         <input_file_ref idref="fl-35"/>
      </object_component>
      <object_component id="oc-160">
         <name>.text</name>
         <load_address>0x3f1474</load_address>
         <run_address>0x3f1474</run_address>
         <size>0x1a</size>
         <input_file_ref idref="fl-38"/>
      </object_component>
      <object_component id="oc-126">
         <name>.text</name>
         <load_address>0x3f148e</load_address>
         <run_address>0x3f148e</run_address>
         <size>0x17</size>
         <input_file_ref idref="fl-2c"/>
      </object_component>
      <object_component id="oc-22b">
         <name>.text</name>
         <load_address>0x3f14a5</load_address>
         <run_address>0x3f14a5</run_address>
         <size>0xb</size>
         <input_file_ref idref="fl-5f"/>
      </object_component>
      <object_component id="oc-171">
         <name>.text</name>
         <load_address>0x3f14b0</load_address>
         <run_address>0x3f14b0</run_address>
         <size>0xb</size>
         <input_file_ref idref="fl-3c"/>
      </object_component>
      <object_component id="oc-21d">
         <name>.text</name>
         <load_address>0x3f14bb</load_address>
         <run_address>0x3f14bb</run_address>
         <size>0x9</size>
         <input_file_ref idref="fl-58"/>
      </object_component>
      <object_component id="oc-80">
         <name>.text</name>
         <load_address>0x3f14c4</load_address>
         <run_address>0x3f14c4</run_address>
         <size>0x8</size>
         <input_file_ref idref="fl-6"/>
      </object_component>
      <object_component id="oc-229">
         <name>.text</name>
         <load_address>0x3f14cc</load_address>
         <run_address>0x3f14cc</run_address>
         <size>0x8</size>
         <input_file_ref idref="fl-61"/>
      </object_component>
      <object_component id="oc-135">
         <name>.text</name>
         <load_address>0x3f14d4</load_address>
         <run_address>0x3f14d4</run_address>
         <size>0x5</size>
         <input_file_ref idref="fl-2f"/>
      </object_component>
      <object_component id="oc-22d">
         <name>.text</name>
         <load_address>0x3f14d9</load_address>
         <run_address>0x3f14d9</run_address>
         <size>0x5</size>
         <input_file_ref idref="fl-60"/>
      </object_component>
      <object_component id="oc-f5">
         <name>.cinit</name>
         <load_address>0x3f1ee6</load_address>
         <run_address>0x3f1ee6</run_address>
         <size>0x16f</size>
         <input_file_ref idref="fl-14"/>
      </object_component>
      <object_component id="oc-d3">
         <name>.cinit</name>
         <load_address>0x3f2055</load_address>
         <run_address>0x3f2055</run_address>
         <size>0x135</size>
         <input_file_ref idref="fl-10"/>
      </object_component>
      <object_component id="oc-102">
         <name>.cinit</name>
         <load_address>0x3f218a</load_address>
         <run_address>0x3f218a</run_address>
         <size>0xa5</size>
         <input_file_ref idref="fl-22"/>
      </object_component>
      <object_component id="oc-192">
         <name>.cinit</name>
         <load_address>0x3f222f</load_address>
         <run_address>0x3f222f</run_address>
         <size>0xa0</size>
         <input_file_ref idref="fl-44"/>
      </object_component>
      <object_component id="oc-1c6">
         <name>.cinit</name>
         <load_address>0x3f22cf</load_address>
         <run_address>0x3f22cf</run_address>
         <size>0x2e</size>
         <input_file_ref idref="fl-50"/>
      </object_component>
      <object_component id="oc-1bc">
         <name>.cinit</name>
         <load_address>0x3f22fd</load_address>
         <run_address>0x3f22fd</run_address>
         <size>0x2c</size>
         <input_file_ref idref="fl-4e"/>
      </object_component>
      <object_component id="oc-116">
         <name>.cinit</name>
         <load_address>0x3f2329</load_address>
         <run_address>0x3f2329</run_address>
         <size>0xf</size>
         <input_file_ref idref="fl-28"/>
      </object_component>
      <object_component id="oc-19a">
         <name>.cinit</name>
         <load_address>0x3f2338</load_address>
         <run_address>0x3f2338</run_address>
         <size>0xb</size>
         <input_file_ref idref="fl-46"/>
      </object_component>
      <object_component id="oc-1b4">
         <name>.cinit</name>
         <load_address>0x3f2343</load_address>
         <run_address>0x3f2343</run_address>
         <size>0xa</size>
         <input_file_ref idref="fl-4c"/>
      </object_component>
      <object_component id="oc-1f5">
         <name>.cinit</name>
         <load_address>0x3f234d</load_address>
         <run_address>0x3f234d</run_address>
         <size>0xa</size>
         <input_file_ref idref="fl-5b"/>
      </object_component>
      <object_component id="oc-21f">
         <name>.cinit:__lock</name>
         <load_address>0x3f2357</load_address>
         <run_address>0x3f2357</run_address>
         <size>0x5</size>
         <input_file_ref idref="fl-58"/>
      </object_component>
      <object_component id="oc-21e">
         <name>.cinit:__unlock</name>
         <load_address>0x3f235c</load_address>
         <run_address>0x3f235c</run_address>
         <size>0x5</size>
         <input_file_ref idref="fl-58"/>
      </object_component>
      <object_component id="oc-103">
         <name>.cinit</name>
         <load_address>0x3f2361</load_address>
         <run_address>0x3f2361</run_address>
         <size>0x5</size>
         <input_file_ref idref="fl-23"/>
      </object_component>
      <object_component id="oc-6b">
         <name>.cinit</name>
         <load_address>0x3f2366</load_address>
         <run_address>0x3f2366</run_address>
         <size>0x4</size>
         <input_file_ref idref="fl-2"/>
      </object_component>
      <object_component id="oc-72">
         <name>.cinit</name>
         <load_address>0x3f236a</load_address>
         <run_address>0x3f236a</run_address>
         <size>0x4</size>
         <input_file_ref idref="fl-3"/>
      </object_component>
      <object_component id="oc-22f">
         <name>.switch:_vsprintf</name>
         <load_address>0x3f263e</load_address>
         <run_address>0x3f263e</run_address>
         <size>0x1e</size>
         <input_file_ref idref="fl-13"/>
      </object_component>
      <object_component id="oc-d1">
         <name>.gblinit</name>
         <load_address>0x3f265c</load_address>
         <run_address>0x3f265c</run_address>
         <size>0xd</size>
         <input_file_ref idref="fl-10"/>
      </object_component>
      <object_component id="oc-e0">
         <name>.sysinit</name>
         <load_address>0x3f2509</load_address>
         <run_address>0x3f2509</run_address>
         <size>0xb3</size>
         <input_file_ref idref="fl-10"/>
      </object_component>
      <object_component id="oc-68">
         <name>.sysinit</name>
         <load_address>0x3f25bc</load_address>
         <run_address>0x3f25bc</run_address>
         <size>0x5c</size>
         <input_file_ref idref="fl-34"/>
      </object_component>
      <object_component id="oc-1b8">
         <name>.sysinit</name>
         <load_address>0x3f2618</load_address>
         <run_address>0x3f2618</run_address>
         <size>0x23</size>
         <input_file_ref idref="fl-4d"/>
      </object_component>
      <object_component id="oc-227">
         <name>.econst:.string:__ctypes_</name>
         <load_address>0x3f2370</load_address>
         <run_address>0x3f2370</run_address>
         <size>0x101</size>
         <input_file_ref idref="fl-5a"/>
      </object_component>
      <object_component id="oc-1c9">
         <name>.econst</name>
         <load_address>0x3f2472</load_address>
         <run_address>0x3f2472</run_address>
         <size>0x4f</size>
         <input_file_ref idref="fl-50"/>
      </object_component>
      <object_component id="oc-10e">
         <name>.econst</name>
         <load_address>0x3f24c2</load_address>
         <run_address>0x3f24c2</run_address>
         <size>0x23</size>
         <input_file_ref idref="fl-26"/>
      </object_component>
      <object_component id="oc-112">
         <name>.econst</name>
         <load_address>0x3f24e6</load_address>
         <run_address>0x3f24e6</run_address>
         <size>0x22</size>
         <input_file_ref idref="fl-27"/>
      </object_component>
      <object_component id="oc-1be">
         <name>.econst</name>
         <load_address>0x3f2508</load_address>
         <run_address>0x3f2508</run_address>
         <size>0x1</size>
         <input_file_ref idref="fl-4e"/>
      </object_component>
      <object_component id="oc-d8">
         <name>.printf</name>
         <load_address>0x3f2509</load_address>
         <run_address>0x3f2509</run_address>
         <size>0x51</size>
         <input_file_ref idref="fl-10"/>
      </object_component>
      <object_component id="oc-101">
         <name>.sysdata</name>
         <uninitialized>true</uninitialized>
         <run_address>0x8a2e</run_address>
         <size>0xa2</size>
         <input_file_ref idref="fl-22"/>
      </object_component>
      <object_component id="oc-d4">
         <name>.sys</name>
         <uninitialized>true</uninitialized>
         <run_address>0x8b96</run_address>
         <size>0x8</size>
         <input_file_ref idref="fl-10"/>
      </object_component>
      <object_component id="oc-6c">
         <name>.ebss</name>
         <uninitialized>true</uninitialized>
         <run_address>0x823f</run_address>
         <size>0x1</size>
         <input_file_ref idref="fl-2"/>
      </object_component>
      <object_component id="oc-73">
         <name>.ebss</name>
         <uninitialized>true</uninitialized>
         <run_address>0x8140</run_address>
         <size>0xc8</size>
         <input_file_ref idref="fl-3"/>
      </object_component>
      <object_component id="oc-87">
         <name>.ebss</name>
         <uninitialized>true</uninitialized>
         <run_address>0x8124</run_address>
         <size>0x18</size>
         <input_file_ref idref="fl-7"/>
      </object_component>
      <object_component id="oc-d5">
         <name>.ebss</name>
         <uninitialized>true</uninitialized>
         <run_address>0x8208</run_address>
         <size>0x37</size>
         <input_file_ref idref="fl-10"/>
      </object_component>
      <object_component id="oc-f6">
         <name>.ebss</name>
         <uninitialized>true</uninitialized>
         <run_address>0x8000</run_address>
         <size>0x124</size>
         <input_file_ref idref="fl-14"/>
      </object_component>
      <object_component id="oc-117">
         <name>.ebss</name>
         <uninitialized>true</uninitialized>
         <run_address>0x8334</run_address>
         <size>0x6</size>
         <input_file_ref idref="fl-28"/>
      </object_component>
      <object_component id="oc-177">
         <name>.ebss</name>
         <uninitialized>true</uninitialized>
         <run_address>0x813c</run_address>
         <size>0x4</size>
         <input_file_ref idref="fl-3d"/>
      </object_component>
      <object_component id="oc-17a">
         <name>.ebss</name>
         <uninitialized>true</uninitialized>
         <run_address>0x8342</run_address>
         <size>0x2</size>
         <input_file_ref idref="fl-3e"/>
      </object_component>
      <object_component id="oc-193">
         <name>.ebss</name>
         <uninitialized>true</uninitialized>
         <run_address>0x8240</run_address>
         <size>0x90</size>
         <input_file_ref idref="fl-44"/>
      </object_component>
      <object_component id="oc-19b">
         <name>.ebss</name>
         <uninitialized>true</uninitialized>
         <run_address>0x82f8</run_address>
         <size>0x8</size>
         <input_file_ref idref="fl-46"/>
      </object_component>
      <object_component id="oc-1b5">
         <name>.ebss</name>
         <uninitialized>true</uninitialized>
         <run_address>0x8320</run_address>
         <size>0x14</size>
         <input_file_ref idref="fl-4c"/>
      </object_component>
      <object_component id="oc-1bd">
         <name>.ebss</name>
         <uninitialized>true</uninitialized>
         <run_address>0x8300</run_address>
         <size>0x20</size>
         <input_file_ref idref="fl-4e"/>
      </object_component>
      <object_component id="oc-1c7">
         <name>.ebss</name>
         <uninitialized>true</uninitialized>
         <run_address>0x82d0</run_address>
         <size>0x28</size>
         <input_file_ref idref="fl-50"/>
      </object_component>
      <object_component id="oc-225">
         <name>.ebss:__unlock</name>
         <uninitialized>true</uninitialized>
         <run_address>0x8340</run_address>
         <size>0x2</size>
         <input_file_ref idref="fl-58"/>
      </object_component>
      <object_component id="oc-226">
         <name>.ebss:__lock</name>
         <uninitialized>true</uninitialized>
         <run_address>0x833e</run_address>
         <size>0x2</size>
         <input_file_ref idref="fl-58"/>
      </object_component>
      <object_component id="oc-1f6">
         <name>.ebss</name>
         <uninitialized>true</uninitialized>
         <run_address>0x833a</run_address>
         <size>0x4</size>
         <input_file_ref idref="fl-5b"/>
      </object_component>
      <object_component id="oc-180">
         <name>.hwi_disp_sec</name>
         <uninitialized>true</uninitialized>
         <run_address>0x8344</run_address>
         <size>0x301</size>
         <input_file_ref idref="fl-40"/>
      </object_component>
      <object_component id="oc-dc">
         <name>.TSK_idle$stk</name>
         <uninitialized>true</uninitialized>
         <run_address>0x8846</run_address>
         <size>0x100</size>
         <input_file_ref idref="fl-10"/>
      </object_component>
      <object_component id="oc-de">
         <name>.LOG_system$buf</name>
         <uninitialized>true</uninitialized>
         <run_address>0x8b00</run_address>
         <size>0x40</size>
         <input_file_ref idref="fl-10"/>
      </object_component>
      <object_component id="oc-14e">
         <name>.args</name>
         <load_address>0x8afa</load_address>
         <run_address>0x8afa</run_address>
         <size>0x0</size>
         <input_file_ref idref="fl-34"/>
      </object_component>
      <object_component id="oc-51">
         <name>_SYS_PUTCBEG</name>
         <load_address>0x8645</load_address>
         <run_address>0x8645</run_address>
         <size>0x0</size>
      </object_component>
      <object_component id="oc-53">
         <name>_SYS_PUTCEND</name>
         <load_address>0x8845</load_address>
         <run_address>0x8845</run_address>
         <size>0x0</size>
      </object_component>
      <object_component id="oc-df">
         <name>.log</name>
         <uninitialized>true</uninitialized>
         <run_address>0x8b8c</run_address>
         <size>0xa</size>
         <input_file_ref idref="fl-10"/>
      </object_component>
      <object_component id="oc-d9">
         <name>.sts</name>
         <uninitialized>true</uninitialized>
         <run_address>0x8b68</run_address>
         <size>0x18</size>
         <input_file_ref idref="fl-10"/>
      </object_component>
      <object_component id="oc-d2">
         <name>.trcdata</name>
         <load_address>0x3f263b</load_address>
         <run_address>0x8ba2</run_address>
         <size>0x3</size>
         <input_file_ref idref="fl-10"/>
      </object_component>
      <object_component id="oc-5b">
         <name>GBL_stackbeg</name>
         <uninitialized>true</uninitialized>
         <run_address>0x0</run_address>
         <size>0x0</size>
      </object_component>
      <object_component id="oc-14d">
         <name>.stack</name>
         <uninitialized>true</uninitialized>
         <run_address>0x0</run_address>
         <size>0x0</size>
         <input_file_ref idref="fl-34"/>
      </object_component>
      <object_component id="oc-288">
         <name>.stack</name>
         <uninitialized>true</uninitialized>
         <run_address>0x0</run_address>
         <size>0x0</size>
      </object_component>
      <object_component id="oc-da">
         <name>.hwi_vec</name>
         <load_address>0x3f0000</load_address>
         <run_address>0xd00</run_address>
         <size>0x100</size>
         <input_file_ref idref="fl-10"/>
      </object_component>
      <object_component id="oc-6a">
         <name>.debug_info</name>
         <load_address>0x0</load_address>
         <run_address>0x0</run_address>
         <size>0x4c46</size>
         <input_file_ref idref="fl-2"/>
      </object_component>
      <object_component id="oc-71">
         <name>.debug_info</name>
         <load_address>0x4c46</load_address>
         <run_address>0x4c46</run_address>
         <size>0x41ab</size>
         <input_file_ref idref="fl-3"/>
      </object_component>
      <object_component id="oc-79">
         <name>.debug_info</name>
         <load_address>0x8df1</load_address>
         <run_address>0x8df1</run_address>
         <size>0x3bdb</size>
         <input_file_ref idref="fl-4"/>
      </object_component>
      <object_component id="oc-82">
         <name>.debug_info</name>
         <load_address>0xc9cc</load_address>
         <run_address>0xc9cc</run_address>
         <size>0x1d5</size>
         <input_file_ref idref="fl-6"/>
      </object_component>
      <object_component id="oc-86">
         <name>.debug_info</name>
         <load_address>0xcba1</load_address>
         <run_address>0xcba1</run_address>
         <size>0x7d7</size>
         <input_file_ref idref="fl-7"/>
      </object_component>
      <object_component id="oc-8c">
         <name>.debug_info</name>
         <load_address>0xd378</load_address>
         <run_address>0xd378</run_address>
         <size>0xadbc</size>
         <input_file_ref idref="fl-8"/>
      </object_component>
      <object_component id="oc-ae">
         <name>.debug_info</name>
         <load_address>0x18134</load_address>
         <run_address>0x18134</run_address>
         <size>0x13b9</size>
         <input_file_ref idref="fl-9"/>
      </object_component>
      <object_component id="oc-b3">
         <name>.debug_info</name>
         <load_address>0x194ed</load_address>
         <run_address>0x194ed</run_address>
         <size>0x13b8</size>
         <input_file_ref idref="fl-a"/>
      </object_component>
      <object_component id="oc-b8">
         <name>.debug_info</name>
         <load_address>0x1a8a5</load_address>
         <run_address>0x1a8a5</run_address>
         <size>0xbab</size>
         <input_file_ref idref="fl-b"/>
      </object_component>
      <object_component id="oc-bd">
         <name>.debug_info</name>
         <load_address>0x1b450</load_address>
         <run_address>0x1b450</run_address>
         <size>0x13b8</size>
         <input_file_ref idref="fl-c"/>
      </object_component>
      <object_component id="oc-c2">
         <name>.debug_info</name>
         <load_address>0x1c808</load_address>
         <run_address>0x1c808</run_address>
         <size>0x16c8</size>
         <input_file_ref idref="fl-d"/>
      </object_component>
      <object_component id="oc-c7">
         <name>.debug_info</name>
         <load_address>0x1ded0</load_address>
         <run_address>0x1ded0</run_address>
         <size>0x1eef</size>
         <input_file_ref idref="fl-e"/>
      </object_component>
      <object_component id="oc-cd">
         <name>.debug_info</name>
         <load_address>0x1fdbf</load_address>
         <run_address>0x1fdbf</run_address>
         <size>0x16b</size>
         <input_file_ref idref="fl-f"/>
      </object_component>
      <object_component id="oc-e4">
         <name>.debug_info</name>
         <load_address>0x1ff2a</load_address>
         <run_address>0x1ff2a</run_address>
         <size>0x1ac</size>
         <input_file_ref idref="fl-10"/>
      </object_component>
      <object_component id="oc-e8">
         <name>.debug_info</name>
         <load_address>0x200d6</load_address>
         <run_address>0x200d6</run_address>
         <size>0x197</size>
         <input_file_ref idref="fl-11"/>
      </object_component>
      <object_component id="oc-ea">
         <name>.debug_info</name>
         <load_address>0x2026d</load_address>
         <run_address>0x2026d</run_address>
         <size>0x14ab</size>
         <input_file_ref idref="fl-12"/>
      </object_component>
      <object_component id="oc-ef">
         <name>.debug_info</name>
         <load_address>0x21718</load_address>
         <run_address>0x21718</run_address>
         <size>0xddd</size>
         <input_file_ref idref="fl-13"/>
      </object_component>
      <object_component id="oc-f4">
         <name>.debug_info</name>
         <load_address>0x224f5</load_address>
         <run_address>0x224f5</run_address>
         <size>0x44ee</size>
         <input_file_ref idref="fl-14"/>
      </object_component>
      <object_component id="oc-fb">
         <name>.debug_info</name>
         <load_address>0x269e3</load_address>
         <run_address>0x269e3</run_address>
         <size>0x177</size>
         <input_file_ref idref="fl-20"/>
      </object_component>
      <object_component id="oc-fe">
         <name>.debug_info</name>
         <load_address>0x26b5a</load_address>
         <run_address>0x26b5a</run_address>
         <size>0xc4</size>
         <input_file_ref idref="fl-21"/>
      </object_component>
      <object_component id="oc-104">
         <name>.debug_info</name>
         <load_address>0x26c1e</load_address>
         <run_address>0x26c1e</run_address>
         <size>0x190</size>
         <input_file_ref idref="fl-23"/>
      </object_component>
      <object_component id="oc-107">
         <name>.debug_info</name>
         <load_address>0x26dae</load_address>
         <run_address>0x26dae</run_address>
         <size>0x375</size>
         <input_file_ref idref="fl-24"/>
      </object_component>
      <object_component id="oc-10a">
         <name>.debug_info</name>
         <load_address>0x27123</load_address>
         <run_address>0x27123</run_address>
         <size>0x414</size>
         <input_file_ref idref="fl-25"/>
      </object_component>
      <object_component id="oc-10d">
         <name>.debug_info</name>
         <load_address>0x27537</load_address>
         <run_address>0x27537</run_address>
         <size>0x5e6</size>
         <input_file_ref idref="fl-26"/>
      </object_component>
      <object_component id="oc-111">
         <name>.debug_info</name>
         <load_address>0x27b1d</load_address>
         <run_address>0x27b1d</run_address>
         <size>0x5da</size>
         <input_file_ref idref="fl-27"/>
      </object_component>
      <object_component id="oc-115">
         <name>.debug_info</name>
         <load_address>0x280f7</load_address>
         <run_address>0x280f7</run_address>
         <size>0x492</size>
         <input_file_ref idref="fl-28"/>
      </object_component>
      <object_component id="oc-11a">
         <name>.debug_info</name>
         <load_address>0x28589</load_address>
         <run_address>0x28589</run_address>
         <size>0x49a</size>
         <input_file_ref idref="fl-29"/>
      </object_component>
      <object_component id="oc-11e">
         <name>.debug_info</name>
         <load_address>0x28a23</load_address>
         <run_address>0x28a23</run_address>
         <size>0xc0</size>
         <input_file_ref idref="fl-2a"/>
      </object_component>
      <object_component id="oc-122">
         <name>.debug_info</name>
         <load_address>0x28ae3</load_address>
         <run_address>0x28ae3</run_address>
         <size>0x10c</size>
         <input_file_ref idref="fl-2b"/>
      </object_component>
      <object_component id="oc-127">
         <name>.debug_info</name>
         <load_address>0x28bef</load_address>
         <run_address>0x28bef</run_address>
         <size>0x10c</size>
         <input_file_ref idref="fl-2c"/>
      </object_component>
      <object_component id="oc-12c">
         <name>.debug_info</name>
         <load_address>0x28cfb</load_address>
         <run_address>0x28cfb</run_address>
         <size>0x10c</size>
         <input_file_ref idref="fl-2d"/>
      </object_component>
      <object_component id="oc-131">
         <name>.debug_info</name>
         <load_address>0x28e07</load_address>
         <run_address>0x28e07</run_address>
         <size>0x10c</size>
         <input_file_ref idref="fl-2e"/>
      </object_component>
      <object_component id="oc-136">
         <name>.debug_info</name>
         <load_address>0x28f13</load_address>
         <run_address>0x28f13</run_address>
         <size>0x10c</size>
         <input_file_ref idref="fl-2f"/>
      </object_component>
      <object_component id="oc-13b">
         <name>.debug_info</name>
         <load_address>0x2901f</load_address>
         <run_address>0x2901f</run_address>
         <size>0x118</size>
         <input_file_ref idref="fl-30"/>
      </object_component>
      <object_component id="oc-140">
         <name>.debug_info</name>
         <load_address>0x29137</load_address>
         <run_address>0x29137</run_address>
         <size>0x118</size>
         <input_file_ref idref="fl-31"/>
      </object_component>
      <object_component id="oc-145">
         <name>.debug_info</name>
         <load_address>0x2924f</load_address>
         <run_address>0x2924f</run_address>
         <size>0x118</size>
         <input_file_ref idref="fl-32"/>
      </object_component>
      <object_component id="oc-14a">
         <name>.debug_info</name>
         <load_address>0x29367</load_address>
         <run_address>0x29367</run_address>
         <size>0x15a</size>
         <input_file_ref idref="fl-33"/>
      </object_component>
      <object_component id="oc-14f">
         <name>.debug_info</name>
         <load_address>0x294c1</load_address>
         <run_address>0x294c1</run_address>
         <size>0xef</size>
         <input_file_ref idref="fl-34"/>
      </object_component>
      <object_component id="oc-153">
         <name>.debug_info</name>
         <load_address>0x295b0</load_address>
         <run_address>0x295b0</run_address>
         <size>0x112</size>
         <input_file_ref idref="fl-35"/>
      </object_component>
      <object_component id="oc-158">
         <name>.debug_info</name>
         <load_address>0x296c2</load_address>
         <run_address>0x296c2</run_address>
         <size>0xbe</size>
         <input_file_ref idref="fl-36"/>
      </object_component>
      <object_component id="oc-15c">
         <name>.debug_info</name>
         <load_address>0x29780</load_address>
         <run_address>0x29780</run_address>
         <size>0x19d</size>
         <input_file_ref idref="fl-37"/>
      </object_component>
      <object_component id="oc-161">
         <name>.debug_info</name>
         <load_address>0x2991d</load_address>
         <run_address>0x2991d</run_address>
         <size>0x112</size>
         <input_file_ref idref="fl-38"/>
      </object_component>
      <object_component id="oc-166">
         <name>.debug_info</name>
         <load_address>0x29a2f</load_address>
         <run_address>0x29a2f</run_address>
         <size>0xb4</size>
         <input_file_ref idref="fl-39"/>
      </object_component>
      <object_component id="oc-16a">
         <name>.debug_info</name>
         <load_address>0x29ae3</load_address>
         <run_address>0x29ae3</run_address>
         <size>0x13e</size>
         <input_file_ref idref="fl-3a"/>
      </object_component>
      <object_component id="oc-16e">
         <name>.debug_info</name>
         <load_address>0x29c21</load_address>
         <run_address>0x29c21</run_address>
         <size>0x14f</size>
         <input_file_ref idref="fl-3b"/>
      </object_component>
      <object_component id="oc-172">
         <name>.debug_info</name>
         <load_address>0x29d70</load_address>
         <run_address>0x29d70</run_address>
         <size>0x139</size>
         <input_file_ref idref="fl-3c"/>
      </object_component>
      <object_component id="oc-176">
         <name>.debug_info</name>
         <load_address>0x29ea9</load_address>
         <run_address>0x29ea9</run_address>
         <size>0x41d</size>
         <input_file_ref idref="fl-3d"/>
      </object_component>
      <object_component id="oc-179">
         <name>.debug_info</name>
         <load_address>0x2a2c6</load_address>
         <run_address>0x2a2c6</run_address>
         <size>0x3f8</size>
         <input_file_ref idref="fl-3e"/>
      </object_component>
      <object_component id="oc-17d">
         <name>.debug_info</name>
         <load_address>0x2a6be</load_address>
         <run_address>0x2a6be</run_address>
         <size>0xc1</size>
         <input_file_ref idref="fl-3f"/>
      </object_component>
      <object_component id="oc-182">
         <name>.debug_info</name>
         <load_address>0x2a77f</load_address>
         <run_address>0x2a77f</run_address>
         <size>0x17b</size>
         <input_file_ref idref="fl-40"/>
      </object_component>
      <object_component id="oc-186">
         <name>.debug_info</name>
         <load_address>0x2a8fa</load_address>
         <run_address>0x2a8fa</run_address>
         <size>0x12c</size>
         <input_file_ref idref="fl-41"/>
      </object_component>
      <object_component id="oc-189">
         <name>.debug_info</name>
         <load_address>0x2aa26</load_address>
         <run_address>0x2aa26</run_address>
         <size>0x983</size>
         <input_file_ref idref="fl-42"/>
      </object_component>
      <object_component id="oc-18e">
         <name>.debug_info</name>
         <load_address>0x2b3a9</load_address>
         <run_address>0x2b3a9</run_address>
         <size>0x131</size>
         <input_file_ref idref="fl-43"/>
      </object_component>
      <object_component id="oc-191">
         <name>.debug_info</name>
         <load_address>0x2b4da</load_address>
         <run_address>0x2b4da</run_address>
         <size>0xa00</size>
         <input_file_ref idref="fl-44"/>
      </object_component>
      <object_component id="oc-195">
         <name>.debug_info</name>
         <load_address>0x2beda</load_address>
         <run_address>0x2beda</run_address>
         <size>0xc1b</size>
         <input_file_ref idref="fl-45"/>
      </object_component>
      <object_component id="oc-199">
         <name>.debug_info</name>
         <load_address>0x2caf5</load_address>
         <run_address>0x2caf5</run_address>
         <size>0xce3</size>
         <input_file_ref idref="fl-46"/>
      </object_component>
      <object_component id="oc-19f">
         <name>.debug_info</name>
         <load_address>0x2d7d8</load_address>
         <run_address>0x2d7d8</run_address>
         <size>0x6c9</size>
         <input_file_ref idref="fl-47"/>
      </object_component>
      <object_component id="oc-1a3">
         <name>.debug_info</name>
         <load_address>0x2dea1</load_address>
         <run_address>0x2dea1</run_address>
         <size>0x790</size>
         <input_file_ref idref="fl-48"/>
      </object_component>
      <object_component id="oc-1a8">
         <name>.debug_info</name>
         <load_address>0x2e631</load_address>
         <run_address>0x2e631</run_address>
         <size>0xb1</size>
         <input_file_ref idref="fl-49"/>
      </object_component>
      <object_component id="oc-1ab">
         <name>.debug_info</name>
         <load_address>0x2e6e2</load_address>
         <run_address>0x2e6e2</run_address>
         <size>0xb6f</size>
         <input_file_ref idref="fl-4a"/>
      </object_component>
      <object_component id="oc-1af">
         <name>.debug_info</name>
         <load_address>0x2f251</load_address>
         <run_address>0x2f251</run_address>
         <size>0x59e</size>
         <input_file_ref idref="fl-4b"/>
      </object_component>
      <object_component id="oc-1b3">
         <name>.debug_info</name>
         <load_address>0x2f7ef</load_address>
         <run_address>0x2f7ef</run_address>
         <size>0x46c</size>
         <input_file_ref idref="fl-4c"/>
      </object_component>
      <object_component id="oc-1b7">
         <name>.debug_info</name>
         <load_address>0x2fc5b</load_address>
         <run_address>0x2fc5b</run_address>
         <size>0x77d</size>
         <input_file_ref idref="fl-4d"/>
      </object_component>
      <object_component id="oc-1bb">
         <name>.debug_info</name>
         <load_address>0x303d8</load_address>
         <run_address>0x303d8</run_address>
         <size>0x709</size>
         <input_file_ref idref="fl-4e"/>
      </object_component>
      <object_component id="oc-1c0">
         <name>.debug_info</name>
         <load_address>0x30ae1</load_address>
         <run_address>0x30ae1</run_address>
         <size>0xaf0</size>
         <input_file_ref idref="fl-4f"/>
      </object_component>
      <object_component id="oc-1c5">
         <name>.debug_info</name>
         <load_address>0x315d1</load_address>
         <run_address>0x315d1</run_address>
         <size>0xd9d</size>
         <input_file_ref idref="fl-50"/>
      </object_component>
      <object_component id="oc-1cc">
         <name>.debug_info</name>
         <load_address>0x3236e</load_address>
         <run_address>0x3236e</run_address>
         <size>0x991</size>
         <input_file_ref idref="fl-51"/>
      </object_component>
      <object_component id="oc-1d1">
         <name>.debug_info</name>
         <load_address>0x32cff</load_address>
         <run_address>0x32cff</run_address>
         <size>0xc4</size>
         <input_file_ref idref="fl-52"/>
      </object_component>
      <object_component id="oc-1d4">
         <name>.debug_info</name>
         <load_address>0x32dc3</load_address>
         <run_address>0x32dc3</run_address>
         <size>0xe14</size>
         <input_file_ref idref="fl-53"/>
      </object_component>
      <object_component id="oc-1d9">
         <name>.debug_info</name>
         <load_address>0x33bd7</load_address>
         <run_address>0x33bd7</run_address>
         <size>0xff</size>
         <input_file_ref idref="fl-54"/>
      </object_component>
      <object_component id="oc-1dc">
         <name>.debug_info</name>
         <load_address>0x33cd6</load_address>
         <run_address>0x33cd6</run_address>
         <size>0xa40</size>
         <input_file_ref idref="fl-55"/>
      </object_component>
      <object_component id="oc-1e0">
         <name>.debug_info</name>
         <load_address>0x34716</load_address>
         <run_address>0x34716</run_address>
         <size>0x526</size>
         <input_file_ref idref="fl-56"/>
      </object_component>
      <object_component id="oc-1e4">
         <name>.debug_info</name>
         <load_address>0x34c3c</load_address>
         <run_address>0x34c3c</run_address>
         <size>0xacf</size>
         <input_file_ref idref="fl-57"/>
      </object_component>
      <object_component id="oc-1e8">
         <name>.debug_info</name>
         <load_address>0x3570b</load_address>
         <run_address>0x3570b</run_address>
         <size>0x44b</size>
[...]
         <value>0x3f1611</value>
         <object_component_ref idref="oc-62"/>
      </symbol>
      <symbol id="sm-9c0">
         <name>_SWI_enable</name>
         <value>0x3f15c6</value>
         <object_component_ref idref="oc-62"/>
      </symbol>
      <symbol id="sm-9c1">
         <name>SWI_F_enable</name>
         <value>0x3f15c6</value>
         <object_component_ref idref="oc-62"/>
      </symbol>
      <symbol id="sm-9c9">
         <name>_FXN_F_nop</name>
         <value>0x3f1ee5</value>
         <object_component_ref idref="oc-63"/>
      </symbol>
      <symbol id="sm-9d5">
         <name>_UTL_doAbort</name>
         <value>0x3f1e97</value>
         <object_component_ref idref="oc-64"/>
      </symbol>
      <symbol id="sm-9e1">
         <name>_UTL_doError</name>
         <value>0x3f1ea7</value>
         <object_component_ref idref="oc-65"/>
      </symbol>
      <symbol id="sm-9ef">
         <name>_UTL_doPutc</name>
         <value>0x3f1ec1</value>
         <object_component_ref idref="oc-66"/>
      </symbol>
      <symbol id="sm-9f9">
         <name>_UTL_halt</name>
         <value>0x3f1ee2</value>
         <object_component_ref idref="oc-67"/>
      </symbol>
      <symbol id="sm-a01">
         <name>CLK_F_isr</name>
         <value>0x3f1d84</value>
         <object_component_ref idref="oc-11d"/>
      </symbol>
      <symbol id="sm-a1b">
         <name>FS$$ADD</name>
         <value>0x3f116c</value>
         <object_component_ref idref="oc-121"/>
      </symbol>
      <symbol id="sm-a1c">
         <name>FS$$SUB</name>
         <value>0x3f1167</value>
         <object_component_ref idref="oc-121"/>
      </symbol>
      <symbol id="sm-a2e">
         <name>FS$$CMP</name>
         <value>0x3f148e</value>
         <object_component_ref idref="oc-126"/>
      </symbol>
      <symbol id="sm-a3f">
         <name>FS$$DIV</name>
         <value>0x3f10e4</value>
         <object_component_ref idref="oc-12b"/>
      </symbol>
      <symbol id="sm-a50">
         <name>FS$$MPY</name>
         <value>0x3f11df</value>
         <object_component_ref idref="oc-130"/>
      </symbol>
      <symbol id="sm-a5d">
         <name>FS$$NEG</name>
         <value>0x3f14d4</value>
         <object_component_ref idref="oc-135"/>
      </symbol>
      <symbol id="sm-a6e">
         <name>FS$$TOI</name>
         <value>0x3f13d8</value>
         <object_component_ref idref="oc-13a"/>
      </symbol>
      <symbol id="sm-a81">
         <name>FS$$TOL</name>
         <value>0x3f1387</value>
         <object_component_ref idref="oc-13f"/>
      </symbol>
      <symbol id="sm-a92">
         <name>FS$$TOU</name>
         <value>0x3f1420</value>
         <object_component_ref idref="oc-144"/>
      </symbol>
      <symbol id="sm-a9a">
         <name>FXN_F_zero</name>
         <value>0x3f1e94</value>
         <object_component_ref idref="oc-149"/>
      </symbol>
      <symbol id="sm-a9b">
         <name>FXN_F_run</name>
         <value>0x3f1e86</value>
         <object_component_ref idref="oc-149"/>
      </symbol>
      <symbol id="sm-a9c">
         <name>FXN_F_nop</name>
         <value>0x3f1e85</value>
         <object_component_ref idref="oc-149"/>
      </symbol>
      <symbol id="sm-a9d">
         <name>FXN_F_selfLoop</name>
         <value>0x3f1e96</value>
         <object_component_ref idref="oc-149"/>
      </symbol>
      <symbol id="sm-aa9">
         <name>GBL_boot</name>
         <value>0x1</value>
      </symbol>
      <symbol id="sm-aaa">
         <name>__stack</name>
         <value>0x0</value>
         <object_component_ref idref="oc-14d"/>
      </symbol>
      <symbol id="sm-aab">
         <name>_c_int00</name>
         <value>0x3f25bc</value>
         <object_component_ref idref="oc-68"/>
      </symbol>
      <symbol id="sm-aba">
         <name>I$$TOFS</name>
         <value>0x3f145a</value>
         <object_component_ref idref="oc-152"/>
      </symbol>
      <symbol id="sm-ac2">
         <name>IDL_F_loop</name>
         <value>0x3f1ed4</value>
         <object_component_ref idref="oc-157"/>
      </symbol>
      <symbol id="sm-ac3">
         <name>_IDL_F_loop</name>
         <value>0x3f1ed4</value>
         <object_component_ref idref="oc-157"/>
      </symbol>
      <symbol id="sm-acf">
         <name>UL$$MOD</name>
         <value>0x3f1381</value>
         <object_component_ref idref="oc-15b"/>
      </symbol>
      <symbol id="sm-ad0">
         <name>L$$MOD</name>
         <value>0x3f136c</value>
         <object_component_ref idref="oc-15b"/>
      </symbol>
      <symbol id="sm-ad1">
         <name>L$$DIV</name>
         <value>0x3f135d</value>
         <object_component_ref idref="oc-15b"/>
      </symbol>
      <symbol id="sm-ad2">
         <name>UL$$DIV</name>
         <value>0x3f137a</value>
         <object_component_ref idref="oc-15b"/>
      </symbol>
      <symbol id="sm-ae1">
         <name>L$$TOFS</name>
         <value>0x3f1474</value>
         <object_component_ref idref="oc-160"/>
      </symbol>
      <symbol id="sm-ae9">
         <name>LOG_F_event</name>
         <value>0x3f1e51</value>
         <object_component_ref idref="oc-165"/>
      </symbol>
      <symbol id="sm-af1">
         <name>PRD_F_tick</name>
         <value>0x3f18b3</value>
         <object_component_ref idref="oc-169"/>
      </symbol>
      <symbol id="sm-af2">
         <name>PRD_F_swi</name>
         <value>0x3f1844</value>
         <object_component_ref idref="oc-169"/>
      </symbol>
      <symbol id="sm-afa">
         <name>_STS_reset</name>
         <value>0x3f1e2a</value>
         <object_component_ref idref="oc-16d"/>
      </symbol>
      <symbol id="sm-afb">
         <name>STS_F_delta</name>
         <value>0x3f1e12</value>
         <object_component_ref idref="oc-16d"/>
      </symbol>
      <symbol id="sm-afc">
         <name>_STS_delta</name>
         <value>0x3f1e12</value>
         <object_component_ref idref="oc-16d"/>
      </symbol>
      <symbol id="sm-afd">
         <name>_STS_set</name>
         <value>0x3f1e27</value>
         <object_component_ref idref="oc-16d"/>
      </symbol>
      <symbol id="sm-afe">
         <name>STS_F_add</name>
         <value>0x3f1e1e</value>
         <object_component_ref idref="oc-16d"/>
      </symbol>
      <symbol id="sm-aff">
         <name>_STS_add</name>
         <value>0x3f1e1e</value>
         <object_component_ref idref="oc-16d"/>
      </symbol>
      <symbol id="sm-b00">
         <name>STS_F_reset</name>
         <value>0x3f1e2a</value>
         <object_component_ref idref="oc-16d"/>
      </symbol>
      <symbol id="sm-b0c">
         <name>U$$MOD</name>
         <value>0x3f14b5</value>
         <object_component_ref idref="oc-171"/>
      </symbol>
      <symbol id="sm-b0d">
         <name>U$$DIV</name>
         <value>0x3f14b0</value>
         <object_component_ref idref="oc-171"/>
      </symbol>
      <symbol id="sm-b15">
         <name>_CLK_DFLTMICROSECS</name>
         <value>0x813e</value>
         <object_component_ref idref="oc-177"/>
      </symbol>
      <symbol id="sm-b16">
         <name>_CLK_D_microseconds</name>
         <value>0x813c</value>
         <object_component_ref idref="oc-177"/>
      </symbol>
      <symbol id="sm-b1e">
         <name>_CLK_htimePerLtime</name>
         <value>0x8342</value>
         <object_component_ref idref="oc-17a"/>
      </symbol>
      <symbol id="sm-b26">
         <name>GBL_A_VERSION</name>
         <value>0x5205</value>
      </symbol>
      <symbol id="sm-b27">
         <name>_GBL_getVersion</name>
         <value>0x3f1edf</value>
         <object_component_ref idref="oc-17c"/>
      </symbol>
      <symbol id="sm-b31">
         <name>_HWI_F_dispIsrPie</name>
         <value>0x3f1733</value>
         <object_component_ref idref="oc-181"/>
      </symbol>
      <symbol id="sm-b32">
         <name>_HWI_D_intrNum</name>
         <value>0x8644</value>
         <object_component_ref idref="oc-180"/>
      </symbol>
      <symbol id="sm-b33">
         <name>_HWI_F_dispatch</name>
         <value>0x3f173a</value>
         <object_component_ref idref="oc-181"/>
      </symbol>
      <symbol id="sm-b34">
         <name>_HWI_F_dispIsr1</name>
         <value>0x3f17c8</value>
         <object_component_ref idref="oc-181"/>
      </symbol>
      <symbol id="sm-b35">
         <name>_HWI_F_dispIsr0</name>
         <value>0x3f17c5</value>
         <object_component_ref idref="oc-181"/>
      </symbol>
      <symbol id="sm-b36">
         <name>_HWI_dispatchTab</name>
         <value>0x8344</value>
         <object_component_ref idref="oc-180"/>
      </symbol>
      <symbol id="sm-b37">
         <name>HWI_F_dispatch</name>
         <value>0x3f173a</value>
         <object_component_ref idref="oc-181"/>
      </symbol>
      <symbol id="sm-b3f">
         <name>_HWI_disable</name>
         <value>0x3f1eb7</value>
         <object_component_ref idref="oc-185"/>
      </symbol>
      <symbol id="sm-b40">
         <name>_HWI_restore</name>
         <value>0x3f1ebd</value>
         <object_component_ref idref="oc-185"/>
      </symbol>
      <symbol id="sm-b41">
         <name>_HWI_enable</name>
         <value>0x3f1ebb</value>
         <object_component_ref idref="oc-185"/>
      </symbol>
      <symbol id="sm-b4b">
         <name>_KNL_enter</name>
         <value>0x3f1d3c</value>
         <object_component_ref idref="oc-18a"/>
      </symbol>
      <symbol id="sm-b4c">
         <name>_KNL_exit</name>
         <value>0x3f1d30</value>
         <object_component_ref idref="oc-18a"/>
      </symbol>
      <symbol id="sm-b54">
         <name>_KNL_check</name>
         <value>0x3f1ccc</value>
         <object_component_ref idref="oc-18d"/>
      </symbol>
      <symbol id="sm-b55">
         <name>_KNL_idle</name>
         <value>0x3f1ced</value>
         <object_component_ref idref="oc-18d"/>
      </symbol>
      <symbol id="sm-b56">
         <name>_KNL_max</name>
         <value>0x3f1cf6</value>
         <object_component_ref idref="oc-18d"/>
      </symbol>
      <symbol id="sm-b60">
         <name>_KNL_swiptr</name>
         <value>0x8246</value>
         <object_component_ref idref="oc-193"/>
      </symbol>
      <symbol id="sm-b61">
         <name>_KNL_curtime</name>
         <value>0x8240</value>
         <object_component_ref idref="oc-193"/>
      </symbol>
      <symbol id="sm-b62">
         <name>_KNL_queues</name>
         <value>0x8280</value>
         <object_component_ref idref="oc-193"/>
      </symbol>
      <symbol id="sm-b63">
         <name>_KNL_setpri</name>
         <value>0x8254</value>
         <object_component_ref idref="oc-193"/>
      </symbol>
      <symbol id="sm-b64">
         <name>_KNL_idlefxn</name>
         <value>0x824c</value>
         <object_component_ref idref="oc-193"/>
      </symbol>
      <symbol id="sm-b65">
         <name>_KNL_maxqueue</name>
         <value>0x8244</value>
         <object_component_ref idref="oc-193"/>
      </symbol>
      <symbol id="sm-b66">
         <name>_KNL_tcreatefxn</name>
         <value>0x824e</value>
         <object_component_ref idref="oc-193"/>
      </symbol>
      <symbol id="sm-b67">
         <name>_KNL_tswitchfxn</name>
         <value>0x8252</value>
         <object_component_ref idref="oc-193"/>
      </symbol>
      <symbol id="sm-b68">
         <name>_KNL_wFlag</name>
         <value>0x8241</value>
         <object_component_ref idref="oc-193"/>
      </symbol>
      <symbol id="sm-b69">
         <name>_KNL_wList</name>
         <value>0x8258</value>
         <object_component_ref idref="oc-193"/>
      </symbol>
      <symbol id="sm-b6a">
         <name>_KNL_set</name>
         <value>0x8242</value>
         <object_component_ref idref="oc-193"/>
      </symbol>
      <symbol id="sm-b6b">
         <name>_KNL_priority</name>
         <value>0x8260</value>
         <object_component_ref idref="oc-193"/>
      </symbol>
      <symbol id="sm-b6c">
         <name>_KNL_alarm</name>
         <value>0x825a</value>
         <object_component_ref idref="oc-193"/>
      </symbol>
      <symbol id="sm-b6d">
         <name>_KNL_treadyfxn</name>
         <value>0x824a</value>
         <object_component_ref idref="oc-193"/>
      </symbol>
      <symbol id="sm-b6e">
         <name>_KNL_inactive</name>
         <value>0x8256</value>
         <object_component_ref idref="oc-193"/>
      </symbol>
      <symbol id="sm-b6f">
         <name>_KNL_prevtask</name>
         <value>0x825e</value>
         <object_component_ref idref="oc-193"/>
      </symbol>
      <symbol id="sm-b70">
         <name>_KNL_dummy</name>
         <value>0x8262</value>
         <object_component_ref idref="oc-193"/>
      </symbol>
      <symbol id="sm-b71">
         <name>_KNL_curtask</name>
         <value>0x825c</value>
         <object_component_ref idref="oc-193"/>
      </symbol>
      <symbol id="sm-b72">
         <name>_KNL_tdeletefxn</name>
         <value>0x8250</value>
         <object_component_ref idref="oc-193"/>
      </symbol>
      <symbol id="sm-b73">
         <name>_KNL_curqueue</name>
         <value>0x8248</value>
         <object_component_ref idref="oc-193"/>
      </symbol>
      <symbol id="sm-b7d">
         <name>_KNL_run</name>
         <value>0x3f196c</value>
         <object_component_ref idref="oc-196"/>
      </symbol>
      <symbol id="sm-b8b">
         <name>_KNL_tick</name>
         <value>0x3f1aed</value>
         <object_component_ref idref="oc-19c"/>
      </symbol>
      <symbol id="sm-b95">
         <name>_KNL_post</name>
         <value>0x3f1e6f</value>
         <object_component_ref idref="oc-1a0"/>
      </symbol>
      <symbol id="sm-b9f">
         <name>_KNL_ipost</name>
         <value>0x3f1dcf</value>
         <object_component_ref idref="oc-1a4"/>
      </symbol>
      <symbol id="sm-ba7">
         <name>_LOG_event</name>
         <value>0x3f1eda</value>
         <object_component_ref idref="oc-1a7"/>
      </symbol>
      <symbol id="sm-bb1">
         <name>_TSK_exit</name>
         <value>0x3f1af2</value>
         <object_component_ref idref="oc-1ac"/>
      </symbol>
      <symbol id="sm-bbb">
         <name>_SYS_exit</name>
         <value>0x3f1df1</value>
         <object_component_ref idref="oc-1b0"/>
      </symbol>
      <symbol id="sm-bc5">
         <name>_SYS_exitStack</name>
         <value>0x8324</value>
         <object_component_ref idref="oc-1b5"/>
      </symbol>
      <symbol id="sm-bc6">
         <name>_SYS_exitStackPtr</name>
         <value>0x8320</value>
         <object_component_ref idref="oc-1b5"/>
      </symbol>
      <symbol id="sm-bc7">
         <name>_SYS_exitStackTop</name>
         <value>0x8322</value>
         <object_component_ref idref="oc-1b5"/>
      </symbol>
      <symbol id="sm-bd1">
         <name>_TSK_init</name>
         <value>0x3f2618</value>
         <object_component_ref idref="oc-1b8"/>
      </symbol>
      <symbol id="sm-bdd">
         <name>_TSK_timerSem</name>
         <value>0x8310</value>
         <object_component_ref idref="oc-1bd"/>
      </symbol>
      <symbol id="sm-bde">
         <name>_TSK_nTasks</name>
         <value>0x8301</value>
         <object_component_ref idref="oc-1bd"/>
      </symbol>
      <symbol id="sm-bdf">
         <name>_TSK_ATTRS</name>
         <value>0x8302</value>
         <object_component_ref idref="oc-1bd"/>
      </symbol>
      <symbol id="sm-be0">
         <name>_TSK_pid</name>
         <value>0x8300</value>
         <object_component_ref idref="oc-1bd"/>
      </symbol>
      <symbol id="sm-bea">
         <name>_TSK_setup</name>
         <value>0x3f1bb8</value>
         <object_component_ref idref="oc-1c1"/>
      </symbol>
      <symbol id="sm-bfc">
         <name>__MEM_mutex</name>
         <value>0x82e4</value>
         <object_component_ref idref="oc-1c7"/>
      </symbol>
      <symbol id="sm-bfd">
         <name>__TSK_mutex</name>
         <value>0x82d0</value>
         <object_component_ref idref="oc-1c7"/>
      </symbol>
      <symbol id="sm-bfe">
         <name>_TSK_startup</name>
         <value>0x3f1c3b</value>
         <object_component_ref idref="oc-1c8"/>
      </symbol>
      <symbol id="sm-c08">
         <name>_LCK_pend</name>
         <value>0x3f1d69</value>
         <object_component_ref idref="oc-1cd"/>
      </symbol>
      <symbol id="sm-c09">
         <name>_LCK_post</name>
         <value>0x3f1d5b</value>
         <object_component_ref idref="oc-1cd"/>
      </symbol>
      <symbol id="sm-c11">
         <name>_SEM_pend</name>
         <value>0x3f1e32</value>
         <object_component_ref idref="oc-1d0"/>
      </symbol>
      <symbol id="sm-c1b">
         <name>_SEM_pendEnterKnl</name>
         <value>0x3f18db</value>
         <object_component_ref idref="oc-1d5"/>
      </symbol>
      <symbol id="sm-c23">
         <name>_SEM_postBinary</name>
         <value>0x3f1c98</value>
         <object_component_ref idref="oc-1d8"/>
      </symbol>
      <symbol id="sm-c24">
         <name>_SEM_post</name>
         <value>0x3f1c98</value>
         <object_component_ref idref="oc-1d8"/>
      </symbol>
      <symbol id="sm-c2e">
         <name>_SEM_postEnterKnl</name>
         <value>0x3f1dac</value>
         <object_component_ref idref="oc-1dd"/>
      </symbol>
      <symbol id="sm-c38">
         <name>_SYS_abort</name>
         <value>0x3f1ecb</value>
         <object_component_ref idref="oc-1e1"/>
      </symbol>
      <symbol id="sm-c42">
         <name>__SEM_dopost</name>
         <value>0x3f1b57</value>
         <object_component_ref idref="oc-1e5"/>
      </symbol>
      <symbol id="sm-c57">
         <name>__unlock</name>
         <value>0x8340</value>
         <object_component_ref idref="oc-225"/>
      </symbol>
      <symbol id="sm-c58">
         <name>__lock</name>
         <value>0x833e</value>
         <object_component_ref idref="oc-226"/>
      </symbol>
      <symbol id="sm-c59">
         <name>__register_lock</name>
         <value>0x3f14bf</value>
         <object_component_ref idref="oc-21d"/>
      </symbol>
      <symbol id="sm-c5a">
         <name>__nop</name>
         <value>0x3f14c3</value>
         <object_component_ref idref="oc-21d"/>
      </symbol>
      <symbol id="sm-c5b">
         <name>__register_unlock</name>
         <value>0x3f14bb</value>
         <object_component_ref idref="oc-21d"/>
      </symbol>
      <symbol id="sm-c70">
         <name>_atoi</name>
         <value>0x3f12fe</value>
         <object_component_ref idref="oc-220"/>
      </symbol>
      <symbol id="sm-c79">
         <name>__ctypes_</name>
         <value>0x3f2370</value>
         <object_component_ref idref="oc-227"/>
      </symbol>
      <symbol id="sm-c88">
         <name>___TI_cleanup_ptr</name>
         <value>0x833a</value>
         <object_component_ref idref="oc-1f6"/>
      </symbol>
      <symbol id="sm-c89">
         <name>___TI_dtors_ptr</name>
         <value>0x833c</value>
         <object_component_ref idref="oc-1f6"/>
      </symbol>
      <symbol id="sm-c98">
         <name>_ltoa</name>
         <value>0x3f132f</value>
         <object_component_ref idref="oc-22e"/>
      </symbol>
      <symbol id="sm-caa">
         <name>_memcpy</name>
         <value>0x3f143d</value>
         <object_component_ref idref="oc-22c"/>
      </symbol>
      <symbol id="sm-cba">
         <name>_modf</name>
         <value>0x3f12cb</value>
         <object_component_ref idref="oc-22a"/>
      </symbol>
      <symbol id="sm-cca">
         <name>_strchr</name>
         <value>0x3f14a5</value>
         <object_component_ref idref="oc-22b"/>
      </symbol>
      <symbol id="sm-cd8">
         <name>_strcpy</name>
         <value>0x3f14d9</value>
         <object_component_ref idref="oc-22d"/>
      </symbol>
      <symbol id="sm-ce6">
         <name>_strlen</name>
         <value>0x3f14cc</value>
         <object_component_ref idref="oc-229"/>
      </symbol>
   </symbol_table>
   <title>Link successful</title>
</link_info>
